
> localconnect@0.1.0 build
> next build

   Γû▓ Next.js 15.5.12
   - Environments: .env.local

   Creating an optimized production build ...
 Γ£ô Compiled successfully in 10.4s
   Linting and checking validity of types ...
node.exe : 
At C:\Program Files\nodejs\npm.ps1:29 char:3
+   & $NODE_EXE $NPM_CLI_JS $args
+   ~~~~~~~~~~~~~~~~~~~~~~~~~~~~~
    + CategoryInfo          : NotSpecified: (:String) [], RemoteException
    + FullyQualifiedErrorId : NativeCommandError
 
Failed to compile.

./app/admin/(dashboard)/officers/OfficerApprovalClient.tsx
301:27  Warning: Using `<img>` could result in slower LCP and higher bandwidth. Consider using `<Image />` from 
`next/image` or a custom image loader to automatically optimize images. This may incur additional usage or cost from 
your provider. See: https://nextjs.org/docs/messages/no-img-element  @next/next/no-img-element
331:27  Warning: Using `<img>` could result in slower LCP and higher bandwidth. Consider using `<Image />` from 
`next/image` or a custom image loader to automatically optimize images. This may incur additional usage or cost from 
your provider. See: https://nextjs.org/docs/messages/no-img-element  @next/next/no-img-element

./app/admin/(dashboard)/page.tsx
66:68  Error: `'` can be escaped with `&apos;`, `&lsquo;`, `&#39;`, `&rsquo;`.  react/no-unescaped-entities
66:75  Error: `'` can be escaped with `&apos;`, `&lsquo;`, `&#39;`, `&rsquo;`.  react/no-unescaped-entities

./app/alerts/new/page.tsx
6:38  Warning: 'MapPin' is defined but never used.  @typescript-eslint/no-unused-vars
6:46  Warning: 'Clock' is defined but never used.  @typescript-eslint/no-unused-vars

./app/complaints/[id]/page.tsx
5:57  Warning: 'Send' is defined but never used.  @typescript-eslint/no-unused-vars
7:8  Warning: 'toast' is defined but never used.  @typescript-eslint/no-unused-vars

./app/dashboard/citizen/page.tsx
54:5  Warning: Unused eslint-disable directive (no problems were reported from '@typescript-eslint/no-explicit-any').

./app/db-live/page.tsx
9:3  Warning: 'Clock' is defined but never used.  @typescript-eslint/no-unused-vars
10:15  Warning: 'DbIcon' is defined but never used.  @typescript-eslint/no-unused-vars
11:3  Warning: 'CheckCircle' is defined but never used.  @typescript-eslint/no-unused-vars
12:3  Warning: 'AlertTriangle' is defined but never used.  @typescript-eslint/no-unused-vars
13:3  Warning: 'ArrowRight' is defined but never used.  @typescript-eslint/no-unused-vars
22:3  Warning: 'MapPin' is defined but never used.  @typescript-eslint/no-unused-vars
24:3  Warning: 'Ghost' is defined but never used.  @typescript-eslint/no-unused-vars
109:6  Warning: React Hook useEffect has a missing dependency: 'supabase'. Either include it or remove the dependency 
array.  react-hooks/exhaustive-deps
135:9  Warning: 'info' is never reassigned. Use 'const' instead.  prefer-const
312:37  Warning: 'i' is defined but never used.  @typescript-eslint/no-unused-vars

./app/db-showcase/page.tsx
176:18  Error: `"` can be escaped with `&quot;`, `&ldquo;`, `&#34;`, `&rdquo;`.  react/no-unescaped-entities
176:28  Error: `"` can be escaped with `&quot;`, `&ldquo;`, `&#34;`, `&rdquo;`.  react/no-unescaped-entities

./app/directory/register/page.tsx
6:45  Warning: 'MapPin' is defined but never used.  @typescript-eslint/no-unused-vars
6:53  Warning: 'Tag' is defined but never used.  @typescript-eslint/no-unused-vars

./app/events/create/page.tsx
6:37  Warning: 'Clock' is defined but never used.  @typescript-eslint/no-unused-vars
6:44  Warning: 'MapPin' is defined but never used.  @typescript-eslint/no-unused-vars

./app/events/page.tsx
3:47  Warning: 'Users' is defined but never used.  @typescript-eslint/no-unused-vars
3:54  Warning: 'Tag' is defined but never used.  @typescript-eslint/no-unused-vars

./app/explore/page.tsx
3:33  Warning: 'Search' is defined but never used.  @typescript-eslint/no-unused-vars
4:3  Warning: 'Settings' is defined but never used.  @typescript-eslint/no-unused-vars
4:31  Warning: 'Repeat' is defined but never used.  @typescript-eslint/no-unused-vars
4:39  Warning: 'LayoutDashboard' is defined but never used.  @typescript-eslint/no-unused-vars
5:3  Warning: 'Gem' is defined but never used.  @typescript-eslint/no-unused-vars
5:8  Warning: 'Users' is defined but never used.  @typescript-eslint/no-unused-vars

./app/help/create/page.tsx
6:47  Warning: 'Info' is defined but never used.  @typescript-eslint/no-unused-vars

./app/help/page.tsx
8:19  Warning: 'user' is assigned a value but never used.  @typescript-eslint/no-unused-vars

./app/profile/page.tsx
5:25  Warning: 'Phone' is defined but never used.  @typescript-eslint/no-unused-vars
5:32  Warning: 'Briefcase' is defined but never used.  @typescript-eslint/no-unused-vars
7:3  Warning: 'CheckCircle2' is defined but never used.  @typescript-eslint/no-unused-vars
8:34  Warning: 'User' is defined but never used.  @typescript-eslint/no-unused-vars
188:36  Warning: Using `<img>` could result in slower LCP and higher bandwidth. Consider using `<Image />` from 
`next/image` or a custom image loader to automatically optimize images. This may incur additional usage or cost from 
your provider. See: https://nextjs.org/docs/messages/no-img-element  @next/next/no-img-element

./app/profile/ProfilePhotoUpload.tsx
4:27  Warning: 'User' is defined but never used.  @typescript-eslint/no-unused-vars
68:13  Warning: Using `<img>` could result in slower LCP and higher bandwidth. Consider using `<Image />` from 
`next/image` or a custom image loader to automatically optimize images. This may incur additional usage or cost from 
your provider. See: https://nextjs.org/docs/messages/no-img-element  @next/next/no-img-element

./app/profile/[id]/page.tsx
5:3  Warning: 'CheckCircle2' is defined but never used.  @typescript-eslint/no-unused-vars
5:45  Warning: 'UserCircle' is defined but never used.  @typescript-eslint/no-unused-vars
6:21  Warning: 'Mail' is defined but never used.  @typescript-eslint/no-unused-vars
65:21  Warning: Using `<img>` could result in slower LCP and higher bandwidth. Consider using `<Image />` from 
`next/image` or a custom image loader to automatically optimize images. This may incur additional usage or cost from 
your provider. See: https://nextjs.org/docs/messages/no-img-element  @next/next/no-img-element

./app/proposals/page.tsx
3:35  Warning: 'CheckCircle2' is defined but never used.  @typescript-eslint/no-unused-vars
3:49  Warning: 'XCircle' is defined but never used.  @typescript-eslint/no-unused-vars
8:19  Warning: 'user' is assigned a value but never used.  @typescript-eslint/no-unused-vars

./app/safety/report/page.tsx
6:55  Warning: 'MapPin' is defined but never used.  @typescript-eslint/no-unused-vars
6:63  Warning: 'Tag' is defined but never used.  @typescript-eslint/no-unused-vars

./app/transparency/page.tsx
2:52  Warning: 'Clock' is defined but never used.  @typescript-eslint/no-unused-vars

./components/ComplaintsMap.tsx
32:3  Warning: Unused eslint-disable directive (no problems were reported from '@typescript-eslint/no-explicit-any').
41:7  Warning: Unused eslint-disable directive (no problems were reported from '@typescript-eslint/no-explicit-any').

./components/NavbarClient.tsx
18:1  Warning: Unused eslint-disable directive (no problems were reported from '@typescript-eslint/no-explicit-any').

info  - Need to disable some ESLint rules? Learn more here: 
https://nextjs.org/docs/app/api-reference/config/eslint#disabling-rules
